
       _               _
   ___| |__   ___  ___| | _______   __
  / __| '_ \ / _ \/ __| |/ / _ \ \ / /
 | (__| | | |  __/ (__|   < (_) \ V /
  \___|_| |_|\___|\___|_|\_\___/ \_/

By Prisma Cloud | version: 3.3.15 

terraform scan results:

Passed checks: 13, Failed checks: 26, Skipped checks: 0

Check: CKV_AWS_41: "Ensure no hard coded AWS access key and secret key exists in provider"
	PASSED for resource: aws.default
	File: /main.tf:12-14
	Guide: https://docs.prismacloud.io/en/enterprise-edition/policy-reference/aws-policies/secrets-policies/bc-aws-secrets-5
Check: CKV_AWS_93: "Ensure S3 bucket policy does not lockout all but root user. (Prevent lockouts needing root account fixes)"
	PASSED for resource: aws_s3_bucket.enterprise_data
	File: /main.tf:16-23
	Guide: https://docs.prismacloud.io/en/enterprise-edition/policy-reference/aws-policies/s3-policies/bc-aws-s3-24
Check: CKV_AWS_277: "Ensure no security groups allow ingress from 0.0.0.0:0 to port -1"
	PASSED for resource: aws_security_group.application
	File: /main.tf:34-61
	Guide: https://docs.prismacloud.io/en/enterprise-edition/policy-reference/aws-policies/aws-networking-policies/ensure-aws-security-group-does-not-allow-all-traffic-on-all-ports
Check: CKV_AWS_25: "Ensure no security groups allow ingress from 0.0.0.0:0 to port 3389"
	PASSED for resource: aws_security_group.application
	File: /main.tf:34-61
	Guide: https://docs.prismacloud.io/en/enterprise-edition/policy-reference/aws-policies/aws-networking-policies/networking-2
Check: CKV_AWS_211: "Ensure RDS uses a modern CaCert"
	PASSED for resource: aws_db_instance.enterprise_database
	File: /main.tf:63-73
	Guide: https://docs.prismacloud.io/en/enterprise-edition/policy-reference/aws-policies/aws-general-policies/ensure-aws-rds-uses-a-modern-cacert
Check: CKV_AWS_388: "Ensure AWS Aurora PostgreSQL is not exposed to local file read vulnerability"
	PASSED for resource: aws_db_instance.enterprise_database
	File: /main.tf:63-73
Check: CKV_AWS_17: "Ensure all data stored in RDS is not publicly accessible"
	PASSED for resource: aws_db_instance.enterprise_database
	File: /main.tf:63-73
	Guide: https://docs.prismacloud.io/en/enterprise-edition/policy-reference/aws-policies/public-policies/public-2
Check: CKV_AWS_133: "Ensure that RDS instances has backup policy"
	PASSED for resource: aws_db_instance.enterprise_database
	File: /main.tf:63-73
	Guide: https://docs.prismacloud.io/en/enterprise-edition/policy-reference/aws-policies/aws-general-policies/ensure-that-rds-instances-have-backup-policy
Check: CKV_AWS_354: "Ensure RDS Performance Insights are encrypted using KMS CMKs"
	PASSED for resource: aws_db_instance.enterprise_database
	File: /main.tf:63-73
	Guide: https://docs.prismacloud.io/en/enterprise-edition/policy-reference/aws-policies/aws-general-policies/bc-aws-354
Check: CKV2_AWS_69: "Ensure AWS RDS database instance configured with encryption in transit"
	PASSED for resource: aws_db_instance.enterprise_database
	File: /main.tf:63-73
	Guide: https://docs.prismacloud.io/en/enterprise-edition/policy-reference/aws-policies/aws-networking-policies/bc-aws-2-69
Check: CKV_AWS_57: "S3 Bucket has an ACL defined which allows public WRITE access."
	PASSED for resource: aws_s3_bucket.enterprise_data
	File: /main.tf:16-23
	Guide: https://docs.prismacloud.io/en/enterprise-edition/policy-reference/aws-policies/s3-policies/s3-2-acl-write-permissions-everyone
Check: CKV_AWS_19: "Ensure all data stored in the S3 bucket is securely encrypted at rest"
	PASSED for resource: aws_s3_bucket.enterprise_data
	File: /main.tf:16-23
	Guide: https://docs.prismacloud.io/en/enterprise-edition/policy-reference/aws-policies/s3-policies/s3-14-data-encrypted-at-rest
Check: CKV_AWS_20: "S3 Bucket has an ACL defined which allows public READ access."
	PASSED for resource: aws_s3_bucket.enterprise_data
	File: /main.tf:16-23
	Guide: https://docs.prismacloud.io/en/enterprise-edition/policy-reference/aws-policies/s3-policies/s3-1-acl-read-permissions-everyone
Check: CKV_AWS_55: "Ensure S3 bucket has ignore public ACLs enabled"
	FAILED for resource: aws_s3_bucket_public_access_block.enterprise_data
	File: /main.tf:25-32
	Guide: https://docs.prismacloud.io/en/enterprise-edition/policy-reference/aws-policies/s3-policies/bc-aws-s3-21

		25 | resource "aws_s3_bucket_public_access_block" "enterprise_data" {
		26 |   bucket = aws_s3_bucket.enterprise_data.id
		27 | 
		28 |   block_public_acls       = false
		29 |   block_public_policy     = false
		30 |   ignore_public_acls      = false
		31 |   restrict_public_buckets = false
		32 | }

Check: CKV_AWS_56: "Ensure S3 bucket has 'restrict_public_buckets' enabled"
	FAILED for resource: aws_s3_bucket_public_access_block.enterprise_data
	File: /main.tf:25-32
	Guide: https://docs.prismacloud.io/en/enterprise-edition/policy-reference/aws-policies/s3-policies/bc-aws-s3-22

		25 | resource "aws_s3_bucket_public_access_block" "enterprise_data" {
		26 |   bucket = aws_s3_bucket.enterprise_data.id
		27 | 
		28 |   block_public_acls       = false
		29 |   block_public_policy     = false
		30 |   ignore_public_acls      = false
		31 |   restrict_public_buckets = false
		32 | }

Check: CKV_AWS_53: "Ensure S3 bucket has block public ACLS enabled"
	FAILED for resource: aws_s3_bucket_public_access_block.enterprise_data
	File: /main.tf:25-32
	Guide: https://docs.prismacloud.io/en/enterprise-edition/policy-reference/aws-policies/s3-policies/bc-aws-s3-19

		25 | resource "aws_s3_bucket_public_access_block" "enterprise_data" {
		26 |   bucket = aws_s3_bucket.enterprise_data.id
		27 | 
		28 |   block_public_acls       = false
		29 |   block_public_policy     = false
		30 |   ignore_public_acls      = false
		31 |   restrict_public_buckets = false
		32 | }

Check: CKV_AWS_54: "Ensure S3 bucket has block public policy enabled"
	FAILED for resource: aws_s3_bucket_public_access_block.enterprise_data
	File: /main.tf:25-32
	Guide: https://docs.prismacloud.io/en/enterprise-edition/policy-reference/aws-policies/s3-policies/bc-aws-s3-20

		25 | resource "aws_s3_bucket_public_access_block" "enterprise_data" {
		26 |   bucket = aws_s3_bucket.enterprise_data.id
		27 | 
		28 |   block_public_acls       = false
		29 |   block_public_policy     = false
		30 |   ignore_public_acls      = false
		31 |   restrict_public_buckets = false
		32 | }

Check: CKV_AWS_260: "Ensure no security groups allow ingress from 0.0.0.0:0 to port 80"
	FAILED for resource: aws_security_group.application
	File: /main.tf:34-61
	Guide: https://docs.prismacloud.io/en/enterprise-edition/policy-reference/aws-policies/aws-networking-policies/ensure-aws-security-groups-do-not-allow-ingress-from-00000-to-port-80

		34 | resource "aws_security_group" "application" {
		35 |   name        = "enterprise-application-sg"
		36 |   description = "Application security group"
		37 |   vpc_id      = "vpc-12345678"
		38 | 
		39 |   ingress {
		40 |     description = "Allow SSH from anywhere"
		41 |     from_port   = 22
		42 |     to_port     = 22
		43 |     protocol    = "tcp"
		44 |     cidr_blocks = ["0.0.0.0/0"]
		45 |   }
		46 | 
		47 |   ingress {
		48 |     description = "Allow HTTP from anywhere"
		49 |     from_port   = 80
		50 |     to_port     = 80
		51 |     protocol    = "tcp"
		52 |     cidr_blocks = ["0.0.0.0/0"]
		53 |   }
		54 | 
		55 |   egress {
		56 |     from_port   = 0
		57 |     to_port     = 0
		58 |     protocol    = "-1"
		59 |     cidr_blocks = ["0.0.0.0/0"]
		60 |   }
		61 | }

Check: CKV_AWS_382: "Ensure no security groups allow egress from 0.0.0.0:0 to port -1"
	FAILED for resource: aws_security_group.application
	File: /main.tf:34-61
	Guide: https://docs.prismacloud.io/en/enterprise-edition/policy-reference/aws-policies/aws-networking-policies/bc-aws-382

		34 | resource "aws_security_group" "application" {
		35 |   name        = "enterprise-application-sg"
		36 |   description = "Application security group"
		37 |   vpc_id      = "vpc-12345678"
		38 | 
		39 |   ingress {
		40 |     description = "Allow SSH from anywhere"
		41 |     from_port   = 22
		42 |     to_port     = 22
		43 |     protocol    = "tcp"
		44 |     cidr_blocks = ["0.0.0.0/0"]
		45 |   }
		46 | 
		47 |   ingress {
		48 |     description = "Allow HTTP from anywhere"
		49 |     from_port   = 80
		50 |     to_port     = 80
		51 |     protocol    = "tcp"
		52 |     cidr_blocks = ["0.0.0.0/0"]
		53 |   }
		54 | 
		55 |   egress {
		56 |     from_port   = 0
		57 |     to_port     = 0
		58 |     protocol    = "-1"
		59 |     cidr_blocks = ["0.0.0.0/0"]
		60 |   }
		61 | }

Check: CKV_AWS_23: "Ensure every security group and rule has a description"
	FAILED for resource: aws_security_group.application
	File: /main.tf:34-61
	Guide: https://docs.prismacloud.io/en/enterprise-edition/policy-reference/aws-policies/aws-networking-policies/networking-31

		34 | resource "aws_security_group" "application" {
		35 |   name        = "enterprise-application-sg"
		36 |   description = "Application security group"
		37 |   vpc_id      = "vpc-12345678"
		38 | 
		39 |   ingress {
		40 |     description = "Allow SSH from anywhere"
		41 |     from_port   = 22
		42 |     to_port     = 22
		43 |     protocol    = "tcp"
		44 |     cidr_blocks = ["0.0.0.0/0"]
		45 |   }
		46 | 
		47 |   ingress {
		48 |     description = "Allow HTTP from anywhere"
		49 |     from_port   = 80
		50 |     to_port     = 80
		51 |     protocol    = "tcp"
		52 |     cidr_blocks = ["0.0.0.0/0"]
		53 |   }
		54 | 
		55 |   egress {
		56 |     from_port   = 0
		57 |     to_port     = 0
		58 |     protocol    = "-1"
		59 |     cidr_blocks = ["0.0.0.0/0"]
		60 |   }
		61 | }

Check: CKV_AWS_24: "Ensure no security groups allow ingress from 0.0.0.0:0 to port 22"
	FAILED for resource: aws_security_group.application
	File: /main.tf:34-61
	Guide: https://docs.prismacloud.io/en/enterprise-edition/policy-reference/aws-policies/aws-networking-policies/networking-1-port-security

		34 | resource "aws_security_group" "application" {
		35 |   name        = "enterprise-application-sg"
		36 |   description = "Application security group"
		37 |   vpc_id      = "vpc-12345678"
		38 | 
		39 |   ingress {
		40 |     description = "Allow SSH from anywhere"
		41 |     from_port   = 22
		42 |     to_port     = 22
		43 |     protocol    = "tcp"
		44 |     cidr_blocks = ["0.0.0.0/0"]
		45 |   }
		46 | 
		47 |   ingress {
		48 |     description = "Allow HTTP from anywhere"
		49 |     from_port   = 80
		50 |     to_port     = 80
		51 |     protocol    = "tcp"
		52 |     cidr_blocks = ["0.0.0.0/0"]
		53 |   }
		54 | 
		55 |   egress {
		56 |     from_port   = 0
		57 |     to_port     = 0
		58 |     protocol    = "-1"
		59 |     cidr_blocks = ["0.0.0.0/0"]
		60 |   }
		61 | }

Check: CKV_AWS_293: "Ensure that AWS database instances have deletion protection enabled"
	FAILED for resource: aws_db_instance.enterprise_database
	File: /main.tf:63-73
	Guide: https://docs.prismacloud.io/en/enterprise-edition/policy-reference/aws-policies/aws-general-policies/bc-aws-293

		63 | resource "aws_db_instance" "enterprise_database" {
		64 |   identifier        = "enterprise-devsecops-db"
		65 |   engine            = "postgres"
		66 |   instance_class    = "db.t3.micro"
		67 |   allocated_storage = 20
		68 | 
		69 |   username = "admin"
		70 |   password = "EnterprisePassword123!"
		71 | 
		72 |   skip_final_snapshot = true
		73 | }

Check: CKV_AWS_353: "Ensure that RDS instances have performance insights enabled"
	FAILED for resource: aws_db_instance.enterprise_database
	File: /main.tf:63-73
	Guide: https://docs.prismacloud.io/en/enterprise-edition/policy-reference/aws-policies/aws-logging-policies/bc-aws-353

		63 | resource "aws_db_instance" "enterprise_database" {
		64 |   identifier        = "enterprise-devsecops-db"
		65 |   engine            = "postgres"
		66 |   instance_class    = "db.t3.micro"
		67 |   allocated_storage = 20
		68 | 
		69 |   username = "admin"
		70 |   password = "EnterprisePassword123!"
		71 | 
		72 |   skip_final_snapshot = true
		73 | }

Check: CKV_AWS_157: "Ensure that RDS instances have Multi-AZ enabled"
	FAILED for resource: aws_db_instance.enterprise_database
	File: /main.tf:63-73
	Guide: https://docs.prismacloud.io/en/enterprise-edition/policy-reference/aws-policies/aws-general-policies/general-73

		63 | resource "aws_db_instance" "enterprise_database" {
		64 |   identifier        = "enterprise-devsecops-db"
		65 |   engine            = "postgres"
		66 |   instance_class    = "db.t3.micro"
		67 |   allocated_storage = 20
		68 | 
		69 |   username = "admin"
		70 |   password = "EnterprisePassword123!"
		71 | 
		72 |   skip_final_snapshot = true
		73 | }

Check: CKV_AWS_129: "Ensure that respective logs of Amazon Relational Database Service (Amazon RDS) are enabled"
	FAILED for resource: aws_db_instance.enterprise_database
	File: /main.tf:63-73
	Guide: https://docs.prismacloud.io/en/enterprise-edition/policy-reference/aws-policies/aws-iam-policies/ensure-that-respective-logs-of-amazon-relational-database-service-amazon-rds-are-enabled

		63 | resource "aws_db_instance" "enterprise_database" {
		64 |   identifier        = "enterprise-devsecops-db"
		65 |   engine            = "postgres"
		66 |   instance_class    = "db.t3.micro"
		67 |   allocated_storage = 20
		68 | 
		69 |   username = "admin"
		70 |   password = "EnterprisePassword123!"
		71 | 
		72 |   skip_final_snapshot = true
		73 | }

Check: CKV_AWS_118: "Ensure that enhanced monitoring is enabled for Amazon RDS instances"
	FAILED for resource: aws_db_instance.enterprise_database
	File: /main.tf:63-73
	Guide: https://docs.prismacloud.io/en/enterprise-edition/policy-reference/aws-policies/aws-logging-policies/ensure-that-enhanced-monitoring-is-enabled-for-amazon-rds-instances

		63 | resource "aws_db_instance" "enterprise_database" {
		64 |   identifier        = "enterprise-devsecops-db"
		65 |   engine            = "postgres"
		66 |   instance_class    = "db.t3.micro"
		67 |   allocated_storage = 20
		68 | 
		69 |   username = "admin"
		70 |   password = "EnterprisePassword123!"
		71 | 
		72 |   skip_final_snapshot = true
		73 | }

Check: CKV_AWS_161: "Ensure RDS database has IAM authentication enabled"
	FAILED for resource: aws_db_instance.enterprise_database
	File: /main.tf:63-73
	Guide: https://docs.prismacloud.io/en/enterprise-edition/policy-reference/aws-policies/aws-iam-policies/ensure-rds-database-has-iam-authentication-enabled

		63 | resource "aws_db_instance" "enterprise_database" {
		64 |   identifier        = "enterprise-devsecops-db"
		65 |   engine            = "postgres"
		66 |   instance_class    = "db.t3.micro"
		67 |   allocated_storage = 20
		68 | 
		69 |   username = "admin"
		70 |   password = "EnterprisePassword123!"
		71 | 
		72 |   skip_final_snapshot = true
		73 | }

Check: CKV_AWS_226: "Ensure DB instance gets all minor upgrades automatically"
	FAILED for resource: aws_db_instance.enterprise_database
	File: /main.tf:63-73
	Guide: https://docs.prismacloud.io/en/enterprise-edition/policy-reference/aws-policies/aws-general-policies/ensure-aws-db-instance-gets-all-minor-upgrades-automatically

		63 | resource "aws_db_instance" "enterprise_database" {
		64 |   identifier        = "enterprise-devsecops-db"
		65 |   engine            = "postgres"
		66 |   instance_class    = "db.t3.micro"
		67 |   allocated_storage = 20
		68 | 
		69 |   username = "admin"
		70 |   password = "EnterprisePassword123!"
		71 | 
		72 |   skip_final_snapshot = true
		73 | }

Check: CKV_AWS_16: "Ensure all data stored in the RDS is securely encrypted at rest"
	FAILED for resource: aws_db_instance.enterprise_database
	File: /main.tf:63-73
	Guide: https://docs.prismacloud.io/en/enterprise-edition/policy-reference/aws-policies/aws-general-policies/general-4

		63 | resource "aws_db_instance" "enterprise_database" {
		64 |   identifier        = "enterprise-devsecops-db"
		65 |   engine            = "postgres"
		66 |   instance_class    = "db.t3.micro"
		67 |   allocated_storage = 20
		68 | 
		69 |   username = "admin"
		70 |   password = "EnterprisePassword123!"
		71 | 
		72 |   skip_final_snapshot = true
		73 | }

Check: CKV2_AWS_30: "Ensure Postgres RDS as aws_db_instance has Query Logging enabled"
	FAILED for resource: aws_db_instance.enterprise_database
	File: /main.tf:63-73
	Guide: https://docs.prismacloud.io/en/enterprise-edition/policy-reference/aws-policies/aws-general-policies/ensure-postgres-rds-has-query-logging-enabled

		63 | resource "aws_db_instance" "enterprise_database" {
		64 |   identifier        = "enterprise-devsecops-db"
		65 |   engine            = "postgres"
		66 |   instance_class    = "db.t3.micro"
		67 |   allocated_storage = 20
		68 | 
		69 |   username = "admin"
		70 |   password = "EnterprisePassword123!"
		71 | 
		72 |   skip_final_snapshot = true
		73 | }

Check: CKV_AWS_145: "Ensure that S3 buckets are encrypted with KMS by default"
	FAILED for resource: aws_s3_bucket.enterprise_data
	File: /main.tf:16-23
	Guide: https://docs.prismacloud.io/en/enterprise-edition/policy-reference/aws-policies/aws-general-policies/ensure-that-s3-buckets-are-encrypted-with-kms-by-default

		16 | resource "aws_s3_bucket" "enterprise_data" {
		17 |   bucket = "enterprise-devsecops-demo-data"
		18 | 
		19 |   tags = {
		20 |     Name        = "Enterprise Data"
		21 |     Environment = "dev"
		22 |   }
		23 | }

Check: CKV2_AWS_62: "Ensure S3 buckets should have event notifications enabled"
	FAILED for resource: aws_s3_bucket.enterprise_data
	File: /main.tf:16-23
	Guide: https://docs.prismacloud.io/en/enterprise-edition/policy-reference/aws-policies/aws-logging-policies/bc-aws-2-62

		16 | resource "aws_s3_bucket" "enterprise_data" {
		17 |   bucket = "enterprise-devsecops-demo-data"
		18 | 
		19 |   tags = {
		20 |     Name        = "Enterprise Data"
		21 |     Environment = "dev"
		22 |   }
		23 | }

Check: CKV2_AWS_6: "Ensure that S3 bucket has a Public Access block"
	FAILED for resource: aws_s3_bucket.enterprise_data
	File: /main.tf:16-23
	Guide: https://docs.prismacloud.io/en/enterprise-edition/policy-reference/aws-policies/aws-networking-policies/s3-bucket-should-have-public-access-blocks-defaults-to-false-if-the-public-access-block-is-not-attached

		16 | resource "aws_s3_bucket" "enterprise_data" {
		17 |   bucket = "enterprise-devsecops-demo-data"
		18 | 
		19 |   tags = {
		20 |     Name        = "Enterprise Data"
		21 |     Environment = "dev"
		22 |   }
		23 | }

Check: CKV_AWS_18: "Ensure the S3 bucket has access logging enabled"
	FAILED for resource: aws_s3_bucket.enterprise_data
	File: /main.tf:16-23
	Guide: https://docs.prismacloud.io/en/enterprise-edition/policy-reference/aws-policies/s3-policies/s3-13-enable-logging

		16 | resource "aws_s3_bucket" "enterprise_data" {
		17 |   bucket = "enterprise-devsecops-demo-data"
		18 | 
		19 |   tags = {
		20 |     Name        = "Enterprise Data"
		21 |     Environment = "dev"
		22 |   }
		23 | }

Check: CKV2_AWS_60: "Ensure RDS instance with copy tags to snapshots is enabled"
	FAILED for resource: aws_db_instance.enterprise_database
	File: /main.tf:63-73
	Guide: https://docs.prismacloud.io/en/enterprise-edition/policy-reference/aws-policies/aws-general-policies/bc-aws-2-60

		63 | resource "aws_db_instance" "enterprise_database" {
		64 |   identifier        = "enterprise-devsecops-db"
		65 |   engine            = "postgres"
		66 |   instance_class    = "db.t3.micro"
		67 |   allocated_storage = 20
		68 | 
		69 |   username = "admin"
		70 |   password = "EnterprisePassword123!"
		71 | 
		72 |   skip_final_snapshot = true
		73 | }

Check: CKV2_AWS_5: "Ensure that Security Groups are attached to another resource"
	FAILED for resource: aws_security_group.application
	File: /main.tf:34-61
	Guide: https://docs.prismacloud.io/en/enterprise-edition/policy-reference/aws-policies/aws-networking-policies/ensure-that-security-groups-are-attached-to-ec2-instances-or-elastic-network-interfaces-enis

		34 | resource "aws_security_group" "application" {
		35 |   name        = "enterprise-application-sg"
		36 |   description = "Application security group"
		37 |   vpc_id      = "vpc-12345678"
		38 | 
		39 |   ingress {
		40 |     description = "Allow SSH from anywhere"
		41 |     from_port   = 22
		42 |     to_port     = 22
		43 |     protocol    = "tcp"
		44 |     cidr_blocks = ["0.0.0.0/0"]
		45 |   }
		46 | 
		47 |   ingress {
		48 |     description = "Allow HTTP from anywhere"
		49 |     from_port   = 80
		50 |     to_port     = 80
		51 |     protocol    = "tcp"
		52 |     cidr_blocks = ["0.0.0.0/0"]
		53 |   }
		54 | 
		55 |   egress {
		56 |     from_port   = 0
		57 |     to_port     = 0
		58 |     protocol    = "-1"
		59 |     cidr_blocks = ["0.0.0.0/0"]
		60 |   }
		61 | }

Check: CKV2_AWS_61: "Ensure that an S3 bucket has a lifecycle configuration"
	FAILED for resource: aws_s3_bucket.enterprise_data
	File: /main.tf:16-23
	Guide: https://docs.prismacloud.io/en/enterprise-edition/policy-reference/aws-policies/aws-logging-policies/bc-aws-2-61

		16 | resource "aws_s3_bucket" "enterprise_data" {
		17 |   bucket = "enterprise-devsecops-demo-data"
		18 | 
		19 |   tags = {
		20 |     Name        = "Enterprise Data"
		21 |     Environment = "dev"
		22 |   }
		23 | }

Check: CKV_AWS_144: "Ensure that S3 bucket has cross-region replication enabled"
	FAILED for resource: aws_s3_bucket.enterprise_data
	File: /main.tf:16-23
	Guide: https://docs.prismacloud.io/en/enterprise-edition/policy-reference/aws-policies/aws-general-policies/ensure-that-s3-bucket-has-cross-region-replication-enabled

		16 | resource "aws_s3_bucket" "enterprise_data" {
		17 |   bucket = "enterprise-devsecops-demo-data"
		18 | 
		19 |   tags = {
		20 |     Name        = "Enterprise Data"
		21 |     Environment = "dev"
		22 |   }
		23 | }

Check: CKV_AWS_21: "Ensure all data stored in the S3 bucket have versioning enabled"
	FAILED for resource: aws_s3_bucket.enterprise_data
	File: /main.tf:16-23
	Guide: https://docs.prismacloud.io/en/enterprise-edition/policy-reference/aws-policies/s3-policies/s3-16-enable-versioning

		16 | resource "aws_s3_bucket" "enterprise_data" {
		17 |   bucket = "enterprise-devsecops-demo-data"
		18 | 
		19 |   tags = {
		20 |     Name        = "Enterprise Data"
		21 |     Environment = "dev"
		22 |   }
		23 | }


