============================================================
ENTERPRISE DEVSECOPS SECURITY GATE
============================================================
Project : /home/ubuntu/enterprise-devsecops-iac
Date    : Fri 28 Aug 2026 15:20:16 UTC

[1/2] Running Semgrep SAST...
------------------------------------------------------------
               
               
┌─────────────┐
│ Scan Status │
└─────────────┘
  Scanning 2 files tracked by git with 1 Code rule:
  Scanning 2 files.
                
                
┌──────────────┐
│ Scan Summary │
└──────────────┘
✅ Scan completed successfully.
 • Findings: 0 (0 blocking)
 • Rules run: 1
 • Targets scanned: 2
 • Parsed lines: ~100.0%
 • Scan was limited to files tracked by git
 • For a detailed list of skipped files and lines, run semgrep with the --verbose flag
Ran 1 rule on 2 files: 0 findings.
If Semgrep missed a finding, please send us feedback to let us know!
See https://semgrep.dev/docs/reporting-false-negatives/
Semgrep findings: 0
✅ Semgrep security gate PASSED.

[2/2] Running Gitleaks secret scan...
------------------------------------------------------------
[90m4:20PM[0m [32mINF[0m [1mscanned ~1046 bytes (1.05 KB) in 1.63ms[0m
[90m4:20PM[0m [32mINF[0m [1mno leaks found[0m
✅ Gitleaks security gate PASSED.

============================================================
SECURITY GATE RESULT
============================================================
✅ SECURITY GATE PASSED
